

Test PropagateMagField: ***********************
 Starting New Particle with Position (0,0,0)
 and UnitVelocity (0,0.6,0.8)
 Momentum in MeV/c is 50
 Initial dot product of spin and momentum = 0
 dot product of spin and momentum = 1.91e-314
Step#     X(mm)     Y(mm)     Z(mm)    N_x     N_y     N_z    StepLen   PhsStep    Safety         NextVolume 
    0         0         0         0    11.5    76.1     103       2.5       2.5        50        World 
 dot product of spin and momentum = 1.91e-314
    1     0.112      1.49         2    33.4    69.3     103         5         5      49.9        World 
 dot product of spin and momentum = 1.91e-314
    2     0.995      4.35         6    66.7    38.3     103        10        10        49        World 
 dot product of spin and momentum = 1.91e-314
    3      5.02      8.68        14      60   -48.2     103        20        20        45        World 
 dot product of spin and momentum = -0.474
    4      16.3       7.8        30   -76.8   -5.07     103        40        40      42.2        World 
 dot product of spin and momentum = -1.47
    5      10.7     -9.99        62   -1.41     -77     103        80        80        40        World 
 dot product of spin and momentum = 3.69
 $$$$$$$$$$$$ Spin dot Momentum is above threshold of 1e-8 
    6        20    -0.182       126    14.3    75.7     103       160       160      49.8        World 
 dot product of spin and momentum = 0.354
 $$$$$$$$$$$$ Spin dot Momentum is above threshold of 1e-8 
    7     0.172      1.86       254    38.5    66.7     103       320       320      49.8        World 
 dot product of spin and momentum = 1.04
 $$$$$$$$$$$$ Spin dot Momentum is above threshold of 1e-8 
    8      1.34      5.01       510    71.7      28     103       640       640      48.7        World 
 dot product of spin and momentum = -2.37
    9      6.36      9.33  1.02e+03    43.2   -63.8     103  1.28e+03  1.28e+03       472        World 
 dot product of spin and momentum = 1.45
 $$$$$$$$$$$$ Spin dot Momentum is above threshold of 1e-8 
   10      18.3      5.61  2.05e+03   -66.4    39.1     103  2.56e+03  2.56e+03   1.5e+03        World 
 dot product of spin and momentum = -1.46
   11      4.93     -8.63  4.09e+03   -66.2   -39.3     103  1.13e+03  5.12e+03       908        World 
 dot product of spin and momentum = -2.11
   12      15.1     -8.61     5e+03    52.1   -56.8     103  1.02e+04  1.02e+04         0 Big Target 2 
 dot product of spin and momentum = -1.6
   13      17.4      6.77  1.32e+04    63.9     -43     103  1.48e+04  2.05e+04  8.19e+03 Big Target 2 

Test PropagateMagField: ***********************
 Starting New Particle with Position (0.2,0.3,0.4)
 and UnitVelocity (0.0733,0.587,0.807)
 Momentum in MeV/c is 150
 Initial dot product of spin and momentum = 0
 dot product of spin and momentum = 2.17e-314
Step#     X(mm)     Y(mm)     Z(mm)    N_x     N_y     N_z    StepLen   PhsStep    Safety         NextVolume 
    0       0.2       0.3       0.4    25.1     143     198       2.5       2.5         0        World 
 dot product of spin and momentum = 2.31e-314
    1      0.42      1.76      2.42    39.2     139     198         5         5      49.6        World 
 dot product of spin and momentum = 2.57e-314
    2      1.08      4.64      6.45    66.1     129     198        10        10      48.9        World 
 dot product of spin and momentum = 3.01e-314
    3      3.23      10.1      14.5     111      93     198        20        20      46.8        World 
 dot product of spin and momentum = 3.33e-314
    4      10.6      19.3      30.6     144   -14.8     198        40        40      39.4        World 
 dot product of spin and momentum = -4.49
    5      32.6      26.1      62.9   -18.9    -144     198        80        80      23.9        World 
 dot product of spin and momentum = 7.99
 $$$$$$$$$$$$ Spin dot Momentum is above threshold of 1e-8 
    6      58.9     -7.22       127    26.9     142     198       160       160      42.8        World 
 dot product of spin and momentum = 10.6
 $$$$$$$$$$$$ Spin dot Momentum is above threshold of 1e-8 
    7     0.485      2.12       256    42.7     138     198       320       320      49.5        World 
 dot product of spin and momentum = 0.333
 $$$$$$$$$$$$ Spin dot Momentum is above threshold of 1e-8 
    8      1.28      5.35       515    72.5     125     198       640       640      48.7        World 
 dot product of spin and momentum = 2.57
 $$$$$$$$$$$$ Spin dot Momentum is above threshold of 1e-8 
    9      3.94      11.4  1.03e+03     120    81.5     198  1.28e+03  1.28e+03       481        World 
 dot product of spin and momentum = -2.41
   10      12.9      21.1  2.06e+03     138   -43.1     198  2.56e+03  2.56e+03  1.51e+03        World 
 dot product of spin and momentum = -0.562
   11      38.3      24.9  4.13e+03    -145     -10     198  1.08e+03  5.12e+03       872        World 
 dot product of spin and momentum = -3.05
   12      31.6     -32.9     5e+03     134   -54.5     198  1.02e+04  1.02e+04         0 Big Target 2 
 dot product of spin and momentum = -5.76
   13      40.7        24  1.33e+04    -102    -103     198  1.46e+04  2.05e+04  8.26e+03 Big Target 2 


Test PropagateMagField: ***********************
 Starting New Particle with Position (0,0,0)
 and UnitVelocity (0,0.6,0.8)
 Momentum in MeV/c is 50
 Initial dot product of spin and momentum = 0
 dot product of spin and momentum = 3.7e-314
Step#     X(mm)     Y(mm)     Z(mm)    N_x     N_y     N_z    StepLen   PhsStep    Safety         NextVolume 
    0         0         0         0    11.5    76.1     103       2.5       2.5         0        World 
 dot product of spin and momentum = 0.837
 $$$$$$$$$$$$ Spin dot Momentum is above threshold of 1e-8 
    1     0.112      1.49         2    33.4    69.3     103         5         5     0.112        World 
 dot product of spin and momentum = 1.31
 $$$$$$$$$$$$ Spin dot Momentum is above threshold of 1e-8 
    2     0.995      4.35         6    66.7    38.3     103        10        10     0.995        World 
 dot product of spin and momentum = -0.661
    3      5.02      8.68        14      60   -48.2     103        20        20      5.02        World 
 dot product of spin and momentum = -0.342
    4      16.3       7.8        30   -76.8   -5.07     103        40        40       7.8        World 
 dot product of spin and momentum = 5.76
 $$$$$$$$$$$$ Spin dot Momentum is above threshold of 1e-8 
    5      10.7     -9.99        62   -1.41     -77     103        80        80      9.99        World 
 dot product of spin and momentum = 5.71
 $$$$$$$$$$$$ Spin dot Momentum is above threshold of 1e-8 
    6        20    -0.182       126    14.3    75.7     103       160       160     0.182        World 
 dot product of spin and momentum = 5.77
 $$$$$$$$$$$$ Spin dot Momentum is above threshold of 1e-8 
    7     0.172      1.86       254    38.5    66.7     103       320       320     0.172        World 
 dot product of spin and momentum = 5.89
 $$$$$$$$$$$$ Spin dot Momentum is above threshold of 1e-8 
    8      1.34      5.01       510    71.7      28     103       640       640      1.34        World 
 dot product of spin and momentum = -4.85
    9      6.36      9.33  1.02e+03    43.2   -63.8     103  1.28e+03  1.28e+03      6.36        World 
 dot product of spin and momentum = 1.31
 $$$$$$$$$$$$ Spin dot Momentum is above threshold of 1e-8 
   10      18.3      5.61  2.05e+03   -66.4    39.1     103  2.56e+03  2.56e+03       260        World 
 dot product of spin and momentum = -6.84
   11      4.93     -8.63  4.09e+03   -66.2   -39.3     103  1.13e+03  5.12e+03       521        World 
 dot product of spin and momentum = -3.75
   12      15.1     -8.61     5e+03    52.1   -56.8     103  1.02e+04  1.02e+04         0 Big Target 2 
 dot product of spin and momentum = -1.83
   13      17.4      6.77  1.32e+04    63.9     -43     103  1.48e+04  2.05e+04  8.19e+03 Big Target 2 

Test PropagateMagField: ***********************
 Starting New Particle with Position (0.2,0.3,0.4)
 and UnitVelocity (0.0733,0.587,0.807)
 Momentum in MeV/c is 150
 Initial dot product of spin and momentum = 0
 dot product of spin and momentum = 2.17e-314
Step#     X(mm)     Y(mm)     Z(mm)    N_x     N_y     N_z    StepLen   PhsStep    Safety         NextVolume 
    0       0.2       0.3       0.4    25.1     143     198       2.5       2.5         0        World 
 dot product of spin and momentum = 0.867
 $$$$$$$$$$$$ Spin dot Momentum is above threshold of 1e-8 
    1      0.42      1.76      2.42    39.2     139     198         5         5      0.42        World 
 dot product of spin and momentum = 1.69
 $$$$$$$$$$$$ Spin dot Momentum is above threshold of 1e-8 
    2      1.08      4.64      6.45    66.1     129     198        10        10      1.08        World 
 dot product of spin and momentum = 3.06
 $$$$$$$$$$$$ Spin dot Momentum is above threshold of 1e-8 
    3      3.23      10.1      14.5     111      93     198        20        20      3.23        World 
 dot product of spin and momentum = 3.76
 $$$$$$$$$$$$ Spin dot Momentum is above threshold of 1e-8 
    4      10.6      19.3      30.6     144   -14.8     198        40        40      10.6        World 
 dot product of spin and momentum = 6.32
 $$$$$$$$$$$$ Spin dot Momentum is above threshold of 1e-8 
    5      32.6      26.1      62.9   -18.9    -144     198        80        80      23.9        World 
 dot product of spin and momentum = 9.17
 $$$$$$$$$$$$ Spin dot Momentum is above threshold of 1e-8 
    6      58.9     -7.22       127    26.9     142     198       160       160      7.22        World 
 dot product of spin and momentum = 13.5
 $$$$$$$$$$$$ Spin dot Momentum is above threshold of 1e-8 
    7     0.485      2.12       256    42.7     138     198       320       320     0.485        World 
 dot product of spin and momentum = 13.2
 $$$$$$$$$$$$ Spin dot Momentum is above threshold of 1e-8 
    8      1.28      5.35       515    72.5     125     198       640       640      1.28        World 
 dot product of spin and momentum = 2.57
 $$$$$$$$$$$$ Spin dot Momentum is above threshold of 1e-8 
    9      3.94      11.4  1.03e+03     120    81.5     198  1.28e+03  1.28e+03      3.94        World 
 dot product of spin and momentum = -2.41
   10      12.9      21.1  2.06e+03     138   -43.1     198  2.56e+03  2.56e+03       277        World 
 dot product of spin and momentum = -0.562
   11      38.3      24.9  4.13e+03    -145     -10     198  1.08e+03  5.12e+03       556        World 
 dot product of spin and momentum = -3.05
   12      31.6     -32.9     5e+03     134   -54.5     198  1.02e+04  1.02e+04         0 Big Target 2 
 dot product of spin and momentum = -5.76
   13      40.7        24  1.33e+04    -102    -103     198  1.46e+04  2.05e+04  8.26e+03 Big Target 2 
