

Test PropagateMagField: ***********************
 Starting New Particle with Position (0,0,0)
 and UnitVelocity (0,0.6,0.8)
 Momentum in GeV/c is 469.136
Step#     X(mm)     Y(mm)     Z(mm)    N_x     N_y     N_z    StepLen   PhsStep    Safety         NextVolume 
    0         0         0         0 0.00959     0.6     0.8       2.5       2.5        50        World 
    1     0.012       1.5         2  0.0287   0.599     0.8         5         5        50        World 
    2     0.108       4.5         6   0.067   0.596     0.8        10        10      49.9        World 
    3     0.587      10.5        14   0.142   0.583     0.8        20        20      49.4        World 
    4      2.68      22.3        30   0.285   0.528     0.8        40        40      47.3        World 
    5      11.3      44.6        62   0.507   0.321     0.8        80        80      38.7        World 
    6      43.7      79.3       126    0.53   0.281     0.8      12.2       160      6.32        World 
    7        50        83       136    0.32  -0.508     0.8       234       320         0    Target 4a 
    8       173        50       323  -0.319  -0.508     0.8       176       640         0        World 
    9       173       -50       464   -0.57  -0.188     0.8       108  1.28e+03         0    Target 4b 
   10       123     -89.2       550   0.567  -0.196     0.8  2.56e+03  2.56e+03         0        World 
   11       124      88.7   2.6e+03    0.47  -0.372     0.8     3e+03  5.12e+03  2.05e+03        World 
   12       152      73.6     5e+03  -0.595  0.0796     0.8  1.02e+04  1.02e+04         0 Big Target 2 
   13      81.4     -93.1  1.32e+04  -0.587   0.123     0.8  1.48e+04  2.05e+04  8.19e+03 Big Target 2 

Test PropagateMagField: ***********************
 Starting New Particle with Position (0.2,0.3,0.4)
 and UnitVelocity (0.0733,0.587,0.807)
 Momentum in GeV/c is 9.85e+03
Step#     X(mm)     Y(mm)     Z(mm)    N_x     N_y     N_z    StepLen   PhsStep    Safety         NextVolume 
    0       0.2       0.3       0.4  0.0738   0.587   0.807       2.5       2.5         0        World 
    1     0.384      1.77      2.42  0.0747   0.586   0.807         5         5      49.6        World 
    2     0.755       4.7      6.45  0.0764   0.586   0.807        10        10      49.2        World 
    3      1.51      10.6      14.5    0.08   0.586   0.807        20        20      48.5        World 
    4      3.08      22.3      30.6  0.0871   0.585   0.807        40        40      46.9        World 
    5      6.42      45.7      62.9   0.101   0.582   0.807        80        80      43.6        World 
    6        14      92.4       127    0.13   0.577   0.807       160       160        36        World 
    7      32.4       185       256   0.151   0.571   0.807       125       320      17.6        World 
    8        50       257       357   0.193   0.559   0.807       239       640         0    Target 4a 
    9      91.1       392       550    0.39   0.444   0.807  1.28e+03  1.28e+03         0        World 
   10       469  1.04e+03  1.58e+03    0.59  0.0417   0.807  2.56e+03  2.56e+03  1.03e+03        World 
   11  1.79e+03   1.7e+03  3.65e+03   0.535  -0.252   0.807  1.68e+03  5.12e+03  1.35e+03        World 
   12  2.76e+03  1.52e+03     5e+03  -0.541   0.238   0.807  1.02e+04  1.02e+04         0 Big Target 2 
   13  1.15e+03 -2.02e+03  1.33e+04 -0.0775  -0.586   0.807  1.46e+04  2.05e+04  7.98e+03 Big Target 2 


Test PropagateMagField: ***********************
 Starting New Particle with Position (0,0,0)
 and UnitVelocity (0,0.6,0.8)
 Momentum in GeV/c is 469
Step#     X(mm)     Y(mm)     Z(mm)    N_x     N_y     N_z    StepLen   PhsStep    Safety         NextVolume 
    0         0         0         0 0.00959     0.6     0.8       2.5       2.5         0        World 
    1     0.012       1.5         2  0.0287   0.599     0.8         5         5        50        World 
    2     0.108       4.5         6   0.067   0.596     0.8        10        10      49.9        World 
    3     0.587      10.5        14   0.142   0.583     0.8        20        20      49.4        World 
    4      2.68      22.3        30   0.285   0.528     0.8        40        40      47.3        World 
    5      11.3      44.6        62   0.507   0.321     0.8        80        80      38.7        World 
    6      43.7      79.3       126    0.53   0.281     0.8      12.2       160      1.62        World 
    7        50        83       136    0.32  -0.508     0.8       234       320         0    Target 4a 
    8       173        50       323  -0.319  -0.508     0.8       176       640         0        World 
    9       173       -50       464   -0.57  -0.188     0.8       108  1.28e+03         0    Target 4b 
   10       123     -89.2       550   0.567  -0.196     0.8  2.56e+03  2.56e+03         0        World 
   11       124      88.7   2.6e+03    0.47  -0.372     0.8     3e+03  5.12e+03      13.9        World 
   12       152      73.6     5e+03  -0.595  0.0796     0.8  1.02e+04  1.02e+04         0 Big Target 2 
   13      81.4     -93.1  1.32e+04  -0.587   0.123     0.8  1.48e+04  2.05e+04  8.19e+03 Big Target 2 

Test PropagateMagField: ***********************
 Starting New Particle with Position (0.2,0.3,0.4)
 and UnitVelocity (0.0733,0.587,0.807)
 Momentum in GeV/c is 9.85e+03
Step#     X(mm)     Y(mm)     Z(mm)    N_x     N_y     N_z    StepLen   PhsStep    Safety         NextVolume 
    0       0.2       0.3       0.4  0.0738   0.587   0.807       2.5       2.5         0        World 
    1     0.384      1.77      2.42  0.0747   0.586   0.807         5         5      49.6        World 
    2     0.755       4.7      6.45  0.0764   0.586   0.807        10        10      49.2        World 
    3      1.51      10.6      14.5    0.08   0.586   0.807        20        20      48.5        World 
    4      3.08      22.3      30.6  0.0871   0.585   0.807        40        40      46.9        World 
    5      6.42      45.7      62.9   0.101   0.582   0.807        80        80      43.6        World 
    6        14      92.4       127    0.13   0.577   0.807       160       160      3.05        World 
    7      32.4       185       256   0.151   0.571   0.807       125       320      17.6        World 
    8        50       257       357   0.193   0.559   0.807       239       640         0    Target 4a 
    9      91.1       392       550    0.39   0.444   0.807  1.28e+03  1.28e+03         0        World 
   10       469  1.04e+03  1.58e+03    0.59  0.0417   0.807  2.56e+03  2.56e+03      34.5        World 
   11  1.79e+03   1.7e+03  3.65e+03   0.535  -0.252   0.807  1.68e+03  5.12e+03   1.2e+03        World 
   12  2.76e+03  1.52e+03     5e+03  -0.541   0.238   0.807  1.02e+04  1.02e+04         0 Big Target 2 
   13  1.15e+03 -2.02e+03  1.33e+04 -0.0775  -0.586   0.807  1.46e+04  2.05e+04  7.98e+03 Big Target 2 
